Archive member included to satisfy reference by file (symbol)

C:/ST/STM32CubeIDE_1.15.1/STM32CubeIDE/plugins/com.st.stm32cube.ide.mcu.externaltools.gnu-tools-for-stm32.12.3.rel1.win32_1.0.200.202406191623/tools/bin/../lib/gcc/arm-none-eabi/12.3.1/../../../../arm-none-eabi/lib/thumb/v7-m/nofp\libc_nano.a(libc_a-exit.o)
                              C:/ST/STM32CubeIDE_1.15.1/STM32CubeIDE/plugins/com.st.stm32cube.ide.mcu.externaltools.gnu-tools-for-stm32.12.3.rel1.win32_1.0.200.202406191623/tools/bin/../lib/gcc/arm-none-eabi/12.3.1/../../../../arm-none-eabi/lib/thumb/v7-m/nofp/crt0.o (exit)
C:/ST/STM32CubeIDE_1.15.1/STM32CubeIDE/plugins/com.st.stm32cube.ide.mcu.externaltools.gnu-tools-for-stm32.12.3.rel1.win32_1.0.200.202406191623/tools/bin/../lib/gcc/arm-none-eabi/12.3.1/../../../../arm-none-eabi/lib/thumb/v7-m/nofp\libc_nano.a(libc_a-findfp.o)
                              C:/ST/STM32CubeIDE_1.15.1/STM32CubeIDE/plugins/com.st.stm32cube.ide.mcu.externaltools.gnu-tools-for-stm32.12.3.rel1.win32_1.0.200.202406191623/tools/bin/../lib/gcc/arm-none-eabi/12.3.1/../../../../arm-none-eabi/lib/thumb/v7-m/nofp\libc_nano.a(libc_a-exit.o) (__stdio_exit_handler)
C:/ST/STM32CubeIDE_1.15.1/STM32CubeIDE/plugins/com.st.stm32cube.ide.mcu.externaltools.gnu-tools-for-stm32.12.3.rel1.win32_1.0.200.202406191623/tools/bin/../lib/gcc/arm-none-eabi/12.3.1/../../../../arm-none-eabi/lib/thumb/v7-m/nofp\libc_nano.a(libc_a-fwalk.o)
                              C:/ST/STM32CubeIDE_1.15.1/STM32CubeIDE/plugins/com.st.stm32cube.ide.mcu.externaltools.gnu-tools-for-stm32.12.3.rel1.win32_1.0.200.202406191623/tools/bin/../lib/gcc/arm-none-eabi/12.3.1/../../../../arm-none-eabi/lib/thumb/v7-m/nofp\libc_nano.a(libc_a-findfp.o) (_fwalk_sglue)
C:/ST/STM32CubeIDE_1.15.1/STM32CubeIDE/plugins/com.st.stm32cube.ide.mcu.externaltools.gnu-tools-for-stm32.12.3.rel1.win32_1.0.200.202406191623/tools/bin/../lib/gcc/arm-none-eabi/12.3.1/../../../../arm-none-eabi/lib/thumb/v7-m/nofp\libc_nano.a(libc_a-stdio.o)
                              C:/ST/STM32CubeIDE_1.15.1/STM32CubeIDE/plugins/com.st.stm32cube.ide.mcu.externaltools.gnu-tools-for-stm32.12.3.rel1.win32_1.0.200.202406191623/tools/bin/../lib/gcc/arm-none-eabi/12.3.1/../../../../arm-none-eabi/lib/thumb/v7-m/nofp\libc_nano.a(libc_a-findfp.o) (__sread)
C:/ST/STM32CubeIDE_1.15.1/STM32CubeIDE/plugins/com.st.stm32cube.ide.mcu.externaltools.gnu-tools-for-stm32.12.3.rel1.win32_1.0.200.202406191623/tools/bin/../lib/gcc/arm-none-eabi/12.3.1/../../../../arm-none-eabi/lib/thumb/v7-m/nofp\libc_nano.a(libc_a-memset.o)
                              C:/ST/STM32CubeIDE_1.15.1/STM32CubeIDE/plugins/com.st.stm32cube.ide.mcu.externaltools.gnu-tools-for-stm32.12.3.rel1.win32_1.0.200.202406191623/tools/bin/../lib/gcc/arm-none-eabi/12.3.1/../../../../arm-none-eabi/lib/thumb/v7-m/nofp/crt0.o (memset)
C:/ST/STM32CubeIDE_1.15.1/STM32CubeIDE/plugins/com.st.stm32cube.ide.mcu.externaltools.gnu-tools-for-stm32.12.3.rel1.win32_1.0.200.202406191623/tools/bin/../lib/gcc/arm-none-eabi/12.3.1/../../../../arm-none-eabi/lib/thumb/v7-m/nofp\libc_nano.a(libc_a-closer.o)
                              C:/ST/STM32CubeIDE_1.15.1/STM32CubeIDE/plugins/com.st.stm32cube.ide.mcu.externaltools.gnu-tools-for-stm32.12.3.rel1.win32_1.0.200.202406191623/tools/bin/../lib/gcc/arm-none-eabi/12.3.1/../../../../arm-none-eabi/lib/thumb/v7-m/nofp\libc_nano.a(libc_a-stdio.o) (_close_r)
C:/ST/STM32CubeIDE_1.15.1/STM32CubeIDE/plugins/com.st.stm32cube.ide.mcu.externaltools.gnu-tools-for-stm32.12.3.rel1.win32_1.0.200.202406191623/tools/bin/../lib/gcc/arm-none-eabi/12.3.1/../../../../arm-none-eabi/lib/thumb/v7-m/nofp\libc_nano.a(libc_a-reent.o)
                              C:/ST/STM32CubeIDE_1.15.1/STM32CubeIDE/plugins/com.st.stm32cube.ide.mcu.externaltools.gnu-tools-for-stm32.12.3.rel1.win32_1.0.200.202406191623/tools/bin/../lib/gcc/arm-none-eabi/12.3.1/../../../../arm-none-eabi/lib/thumb/v7-m/nofp\libc_nano.a(libc_a-closer.o) (errno)
C:/ST/STM32CubeIDE_1.15.1/STM32CubeIDE/plugins/com.st.stm32cube.ide.mcu.externaltools.gnu-tools-for-stm32.12.3.rel1.win32_1.0.200.202406191623/tools/bin/../lib/gcc/arm-none-eabi/12.3.1/../../../../arm-none-eabi/lib/thumb/v7-m/nofp\libc_nano.a(libc_a-impure.o)
                              C:/ST/STM32CubeIDE_1.15.1/STM32CubeIDE/plugins/com.st.stm32cube.ide.mcu.externaltools.gnu-tools-for-stm32.12.3.rel1.win32_1.0.200.202406191623/tools/bin/../lib/gcc/arm-none-eabi/12.3.1/../../../../arm-none-eabi/lib/thumb/v7-m/nofp\libc_nano.a(libc_a-reent.o) (_impure_ptr)
C:/ST/STM32CubeIDE_1.15.1/STM32CubeIDE/plugins/com.st.stm32cube.ide.mcu.externaltools.gnu-tools-for-stm32.12.3.rel1.win32_1.0.200.202406191623/tools/bin/../lib/gcc/arm-none-eabi/12.3.1/../../../../arm-none-eabi/lib/thumb/v7-m/nofp\libc_nano.a(libc_a-lseekr.o)
[...]
Memory Configuration

Name             Origin             Length             Attributes
RAM              0x20000000         0x00005000         xrw
FLASH            0x08000000         0x00010000         xr
*default*        0x00000000         0xffffffff

Linker script and memory map

LOAD C:/ST/STM32CubeIDE_1.15.1/STM32CubeIDE/plugins/com.st.stm32cube.ide.mcu.externaltools.gnu-tools-for-stm32.12.3.rel1.win32_1.0.200.202406191623/tools/bin/../lib/gcc/arm-none-eabi/12.3.1/thumb/v7-m/nofp/crti.o
LOAD C:/ST/STM32CubeIDE_1.15.1/STM32CubeIDE/plugins/com.st.stm32cube.ide.mcu.externaltools.gnu-tools-for-stm32.12.3.rel1.win32_1.0.200.202406191623/tools/bin/../lib/gcc/arm-none-eabi/12.3.1/thumb/v7-m/nofp/crtbegin.o
LOAD C:/ST/STM32CubeIDE_1.15.1/STM32CubeIDE/plugins/com.st.stm32cube.ide.mcu.externaltools.gnu-tools-for-stm32.12.3.rel1.win32_1.0.200.202406191623/tools/bin/../lib/gcc/arm-none-eabi/12.3.1/../../../../arm-none-eabi/lib/thumb/v7-m/nofp/crt0.o
LOAD ./Core/Src/freertos.o
LOAD ./Core/Src/main.o
LOAD ./Core/Src/stm32f1xx_hal_msp.o
LOAD ./Core/Src/stm32f1xx_it.o
LOAD ./Core/Src/syscalls.o
LOAD ./Core/Src/sysmem.o
LOAD ./Core/Src/system_stm32f1xx.o
LOAD ./Core/Startup/startup_stm32f103c8tx.o
LOAD ./Drivers/STM32F1xx_HAL_Driver/Src/stm32f1xx_hal.o
LOAD ./Drivers/STM32F1xx_HAL_Driver/Src/stm32f1xx_hal_cortex.o
LOAD ./Drivers/STM32F1xx_HAL_Driver/Src/stm32f1xx_hal_dma.o
LOAD ./Drivers/STM32F1xx_HAL_Driver/Src/stm32f1xx_hal_exti.o
LOAD ./Drivers/STM32F1xx_HAL_Driver/Src/stm32f1xx_hal_flash.o
LOAD ./Drivers/STM32F1xx_HAL_Driver/Src/stm32f1xx_hal_flash_ex.o
LOAD ./Drivers/STM32F1xx_HAL_Driver/Src/stm32f1xx_hal_gpio.o
LOAD ./Drivers/STM32F1xx_HAL_Driver/Src/stm32f1xx_hal_gpio_ex.o
LOAD ./Drivers/STM32F1xx_HAL_Driver/Src/stm32f1xx_hal_pwr.o
LOAD ./Drivers/STM32F1xx_HAL_Driver/Src/stm32f1xx_hal_rcc.o
LOAD ./Drivers/STM32F1xx_HAL_Driver/Src/stm32f1xx_hal_rcc_ex.o
LOAD ./Drivers/STM32F1xx_HAL_Driver/Src/stm32f1xx_hal_tim.o
LOAD ./Drivers/STM32F1xx_HAL_Driver/Src/stm32f1xx_hal_tim_ex.o
LOAD ./Middlewares/Third_Party/FreeRTOS/Source/CMSIS_RTOS/cmsis_os.o
LOAD ./Middlewares/Third_Party/FreeRTOS/Source/croutine.o
LOAD ./Middlewares/Third_Party/FreeRTOS/Source/event_groups.o
LOAD ./Middlewares/Third_Party/FreeRTOS/Source/list.o
LOAD ./Middlewares/Third_Party/FreeRTOS/Source/queue.o
LOAD ./Middlewares/Third_Party/FreeRTOS/Source/stream_buffer.o
LOAD ./Middlewares/Third_Party/FreeRTOS/Source/tasks.o
LOAD ./Middlewares/Third_Party/FreeRTOS/Source/timers.o
LOAD ./Middlewares/Third_Party/FreeRTOS/Source/portable/GCC/ARM_CM3/port.o
LOAD ./Middlewares/Third_Party/FreeRTOS/Source/portable/MemMang/heap_4.o
START GROUP
LOAD C:/ST/STM32CubeIDE_1.15.1/STM32CubeIDE/plugins/com.st.stm32cube.ide.mcu.externaltools.gnu-tools-for-stm32.12.3.rel1.win32_1.0.200.202406191623/tools/bin/../lib/gcc/arm-none-eabi/12.3.1/../../../../arm-none-eabi/lib/thumb/v7-m/nofp\libc_nano.a
LOAD C:/ST/STM32CubeIDE_1.15.1/STM32CubeIDE/plugins/com.st.stm32cube.ide.mcu.externaltools.gnu-tools-for-stm32.12.3.rel1.win32_1.0.200.202406191623/tools/bin/../lib/gcc/arm-none-eabi/12.3.1/../../../../arm-none-eabi/lib/thumb/v7-m/nofp\libm.a
END GROUP
START GROUP
LOAD C:/ST/STM32CubeIDE_1.15.1/STM32CubeIDE/plugins/com.st.stm32cube.ide.mcu.externaltools.gnu-tools-for-stm32.12.3.rel1.win32_1.0.200.202406191623/tools/bin/../lib/gcc/arm-none-eabi/12.3.1/thumb/v7-m/nofp\libgcc.a
LOAD C:/ST/STM32CubeIDE_1.15.1/STM32CubeIDE/plugins/com.st.stm32cube.ide.mcu.externaltools.gnu-tools-for-stm32.12.3.rel1.win32_1.0.200.202406191623/tools/bin/../lib/gcc/arm-none-eabi/12.3.1/../../../../arm-none-eabi/lib/thumb/v7-m/nofp\libc_nano.a
END GROUP
START GROUP
LOAD C:/ST/STM32CubeIDE_1.15.1/STM32CubeIDE/plugins/com.st.stm32cube.ide.mcu.externaltools.gnu-tools-for-stm32.12.3.rel1.win32_1.0.200.202406191623/tools/bin/../lib/gcc/arm-none-eabi/12.3.1/thumb/v7-m/nofp\libgcc.a
LOAD C:/ST/STM32CubeIDE_1.15.1/STM32CubeIDE/plugins/com.st.stm32cube.ide.mcu.externaltools.gnu-tools-for-stm32.12.3.rel1.win32_1.0.200.202406191623/tools/bin/../lib/gcc/arm-none-eabi/12.3.1/../../../../arm-none-eabi/lib/thumb/v7-m/nofp\libc_nano.a
LOAD C:/ST/STM32CubeIDE_1.15.1/STM32CubeIDE/plugins/com.st.stm32cube.ide.mcu.externaltools.gnu-tools-for-stm32.12.3.rel1.win32_1.0.200.202406191623/tools/bin/../lib/gcc/arm-none-eabi/12.3.1/../../../../arm-none-eabi/lib/thumb/v7-m/nofp\libnosys.a
END GROUP
START GROUP
LOAD C:/ST/STM32CubeIDE_1.15.1/STM32CubeIDE/plugins/com.st.stm32cube.ide.mcu.externaltools.gnu-tools-for-stm32.12.3.rel1.win32_1.0.200.202406191623/tools/bin/../lib/gcc/arm-none-eabi/12.3.1/thumb/v7-m/nofp\libgcc.a
LOAD C:/ST/STM32CubeIDE_1.15.1/STM32CubeIDE/plugins/com.st.stm32cube.ide.mcu.externaltools.gnu-tools-for-stm32.12.3.rel1.win32_1.0.200.202406191623/tools/bin/../lib/gcc/arm-none-eabi/12.3.1/../../../../arm-none-eabi/lib/thumb/v7-m/nofp\libc_nano.a
LOAD C:/ST/STM32CubeIDE_1.15.1/STM32CubeIDE/plugins/com.st.stm32cube.ide.mcu.externaltools.gnu-tools-for-stm32.12.3.rel1.win32_1.0.200.202406191623/tools/bin/../lib/gcc/arm-none-eabi/12.3.1/../../../../arm-none-eabi/lib/thumb/v7-m/nofp\libnosys.a
END GROUP
LOAD C:/ST/STM32CubeIDE_1.15.1/STM32CubeIDE/plugins/com.st.stm32cube.ide.mcu.externaltools.gnu-tools-for-stm32.12.3.rel1.win32_1.0.200.202406191623/tools/bin/../lib/gcc/arm-none-eabi/12.3.1/thumb/v7-m/nofp/crtend.o
LOAD C:/ST/STM32CubeIDE_1.15.1/STM32CubeIDE/plugins/com.st.stm32cube.ide.mcu.externaltools.gnu-tools-for-stm32.12.3.rel1.win32_1.0.200.202406191623/tools/bin/../lib/gcc/arm-none-eabi/12.3.1/thumb/v7-m/nofp/crtn.o
                0x20005000                        _estack = (ORIGIN (RAM) + LENGTH (RAM))
                0x00000200                        _Min_Heap_Size = 0x200
                0x00000400                        _Min_Stack_Size = 0x400

.isr_vector     0x08000000      0x10c
                0x08000000                        . = ALIGN (0x4)
 *(.isr_vector)
 .isr_vector    0x08000000      0x10c ./Core/Startup/startup_stm32f103c8tx.o
                0x08000000                g_pfnVectors
                0x0800010c                        . = ALIGN (0x4)

.text           0x08000110     0x39c4
                0x08000110                        . = ALIGN (0x4)
 *(.text)
 .text          0x08000110       0x40 C:/ST/STM32CubeIDE_1.15.1/STM32CubeIDE/plugins/com.st.stm32cube.ide.mcu.externaltools.gnu-tools-for-stm32.12.3.rel1.win32_1.0.200.202406191623/tools/bin/../lib/gcc/arm-none-eabi/12.3.1/thumb/v7-m/nofp/crtbegin.o
 *(.text*)
 .text.vApplicationGetIdleTaskMemory
                0x08000150       0x30 ./Core/Src/freertos.o
                0x08000150                vApplicationGetIdleTaskMemory
 .text.main     0x08000180       0xec ./Core/Src/main.o
                0x08000180                main
 .text.SystemClock_Config
                0x0800026c       0x76 ./Core/Src/main.o
                0x0800026c                SystemClock_Config
 *fill*         0x080002e2        0x2 
 .text.MX_GPIO_Init
                0x080002e4       0x64 ./Core/Src/main.o
 .text.accessSharedData
                0x08000348       0x44 ./Core/Src/main.o
                0x08000348                accessSharedData
 .text.StartDefaultTask
                0x0800038c       0x10 ./Core/Src/main.o
                0x0800038c                StartDefaultTask
 .text.GreenLedTask
                0x0800039c       0x58 ./Core/Src/main.o
                0x0800039c                GreenLedTask
 .text.RedLedTask
                0x080003f4       0x5c ./Core/Src/main.o
                0x080003f4                RedLedTask
 .text.OrangeLedTask
                0x08000450       0x20 ./Core/Src/main.o
                0x08000450                OrangeLedTask
 .text.Error_Handler
                0x08000470        0xc ./Core/Src/main.o
                0x08000470                Error_Handler
 .text.HAL_MspInit
                0x0800047c       0x70 ./Core/Src/stm32f1xx_hal_msp.o
                0x0800047c                HAL_MspInit
 .text.NMI_Handler
                0x080004ec        0x8 ./Core/Src/stm32f1xx_it.o
                0x080004ec                NMI_Handler
 .text.HardFault_Handler
                0x080004f4        0x8 ./Core/Src/stm32f1xx_it.o
                0x080004f4                HardFault_Handler
 .text.MemManage_Handler
                0x080004fc        0x8 ./Core/Src/stm32f1xx_it.o
                0x080004fc                MemManage_Handler
 .text.BusFault_Handler
                0x08000504        0x8 ./Core/Src/stm32f1xx_it.o
                0x08000504                BusFault_Handler
 .text.UsageFault_Handler
                0x0800050c        0x8 ./Core/Src/stm32f1xx_it.o
                0x0800050c                UsageFault_Handler
 .text.DebugMon_Handler
                0x08000514        0xc ./Core/Src/stm32f1xx_it.o
                0x08000514                DebugMon_Handler
 .text.SysTick_Handler
                0x08000520       0x1a ./Core/Src/stm32f1xx_it.o
                0x08000520                SysTick_Handler
 .text.SystemInit
                0x0800053a        0xc ./Core/Src/system_stm32f1xx.o
                0x0800053a                SystemInit
 *fill*         0x08000546        0x2 
 .text.Reset_Handler
                0x08000548       0x48 ./Core/Startup/startup_stm32f103c8tx.o
                0x08000548                Reset_Handler
 .text.Default_Handler
                0x08000590        0x2 ./Core/Startup/startup_stm32f103c8tx.o
                0x08000590                RTC_Alarm_IRQHandler
                0x08000590                EXTI2_IRQHandler
                0x08000590                TIM1_CC_IRQHandler
                0x08000590                PVD_IRQHandler
                0x08000590                EXTI3_IRQHandler
                0x08000590                EXTI0_IRQHandler
                0x08000590                I2C2_EV_IRQHandler
                0x08000590                ADC1_2_IRQHandler
                0x08000590                SPI1_IRQHandler
                0x08000590                TAMPER_IRQHandler
                0x08000590                DMA1_Channel4_IRQHandler
                0x08000590                USART3_IRQHandler
                0x08000590                RTC_IRQHandler
                0x08000590                DMA1_Channel7_IRQHandler
                0x08000590                CAN1_RX1_IRQHandler
                0x08000590                TIM4_IRQHandler
                0x08000590                I2C1_EV_IRQHandler
                0x08000590                DMA1_Channel6_IRQHandler
                0x08000590                TIM3_IRQHandler
                0x08000590                RCC_IRQHandler
                0x08000590                TIM1_TRG_COM_IRQHandler
                0x08000590                DMA1_Channel1_IRQHandler
                0x08000590                Default_Handler
                0x08000590                EXTI15_10_IRQHandler
                0x08000590                EXTI9_5_IRQHandler
                0x08000590                SPI2_IRQHandler
                0x08000590                DMA1_Channel5_IRQHandler
                0x08000590                EXTI4_IRQHandler
                0x08000590                USB_LP_CAN1_RX0_IRQHandler
                0x08000590                USB_HP_CAN1_TX_IRQHandler
                0x08000590                DMA1_Channel3_IRQHandler
                0x08000590                TIM1_UP_IRQHandler
                0x08000590                WWDG_IRQHandler
                0x08000590                TIM2_IRQHandler
                0x08000590                TIM1_BRK_IRQHandler
                0x08000590                EXTI1_IRQHandler
                0x08000590                USART2_IRQHandler
                0x08000590                I2C2_ER_IRQHandler
                0x08000590                DMA1_Channel2_IRQHandler
                0x08000590                CAN1_SCE_IRQHandler
                0x08000590                FLASH_IRQHandler
                0x08000590                USART1_IRQHandler
                0x08000590                I2C1_ER_IRQHandler
                0x08000590                USBWakeUp_IRQHandler
 *fill*         0x08000592        0x2 
 .text.HAL_Init
                0x08000594       0x2c ./Drivers/STM32F1xx_HAL_Driver/Src/stm32f1xx_hal.o
                0x08000594                HAL_Init
 .text.HAL_InitTick
                0x080005c0       0x60 ./Drivers/STM32F1xx_HAL_Driver/Src/stm32f1xx_hal.o
                0x080005c0                HAL_InitTick
 .text.HAL_IncTick
                0x08000620       0x24 ./Drivers/STM32F1xx_HAL_Driver/Src/stm32f1xx_hal.o
                0x08000620                HAL_IncTick
 .text.HAL_GetTick
                0x08000644       0x14 ./Drivers/STM32F1xx_HAL_Driver/Src/stm32f1xx_hal.o
                0x08000644                HAL_GetTick
 .text.HAL_Delay
                0x08000658       0x48 ./Drivers/STM32F1xx_HAL_Driver/Src/stm32f1xx_hal.o
                0x08000658                HAL_Delay
 .text.__NVIC_SetPriorityGrouping
                0x080006a0       0x48 ./Drivers/STM32F1xx_HAL_Driver/Src/stm32f1xx_hal_cortex.o
 .text.__NVIC_GetPriorityGrouping
                0x080006e8       0x1c ./Drivers/STM32F1xx_HAL_Driver/Src/stm32f1xx_hal_cortex.o
 .text.__NVIC_SetPriority
                0x08000704       0x54 ./Drivers/STM32F1xx_HAL_Driver/Src/stm32f1xx_hal_cortex.o
 .text.NVIC_EncodePriority
                0x08000758       0x64 ./Drivers/STM32F1xx_HAL_Driver/Src/stm32f1xx_hal_cortex.o
 .text.SysTick_Config
                0x080007bc       0x44 ./Drivers/STM32F1xx_HAL_Driver/Src/stm32f1xx_hal_cortex.o
 .text.HAL_NVIC_SetPriorityGrouping
                0x08000800       0x16 ./Drivers/STM32F1xx_HAL_Driver/Src/stm32f1xx_hal_cortex.o
                0x08000800                HAL_NVIC_SetPriorityGrouping
 .text.HAL_NVIC_SetPriority
                0x08000816       0x38 ./Drivers/STM32F1xx_HAL_Driver/Src/stm32f1xx_hal_cortex.o
                0x08000816                HAL_NVIC_SetPriority
 .text.HAL_SYSTICK_Config
                0x0800084e       0x18 ./Drivers/STM32F1xx_HAL_Driver/Src/stm32f1xx_hal_cortex.o
                0x0800084e                HAL_SYSTICK_Config
 *fill*         0x08000866        0x2 
 .text.HAL_GPIO_Init
                0x08000868      0x308 ./Drivers/STM32F1xx_HAL_Driver/Src/stm32f1xx_hal_gpio.o
                0x08000868                HAL_GPIO_Init
 .text.HAL_GPIO_WritePin
                0x08000b70       0x30 ./Drivers/STM32F1xx_HAL_Driver/Src/stm32f1xx_hal_gpio.o
                0x08000b70                HAL_GPIO_WritePin
 .text.HAL_GPIO_TogglePin
                0x08000ba0       0x32 ./Drivers/STM32F1xx_HAL_Driver/Src/stm32f1xx_hal_gpio.o
                0x08000ba0                HAL_GPIO_TogglePin
 *fill*         0x08000bd2        0x2 
 .text.HAL_RCC_OscConfig
                0x08000bd4      0x504 ./Drivers/STM32F1xx_HAL_Driver/Src/stm32f1xx_hal_rcc.o
                0x08000bd4                HAL_RCC_OscConfig
 .text.HAL_RCC_ClockConfig
                0x080010d8      0x1d4 ./Drivers/STM32F1xx_HAL_Driver/Src/stm32f1xx_hal_rcc.o
                0x080010d8                HAL_RCC_ClockConfig
 .text.HAL_RCC_GetSysClockFreq
                0x080012ac       0xa8 ./Drivers/STM32F1xx_HAL_Driver/Src/stm32f1xx_hal_rcc.o
                0x080012ac                HAL_RCC_GetSysClockFreq
 .text.RCC_Delay
                0x08001354       0x3c ./Drivers/STM32F1xx_HAL_Driver/Src/stm32f1xx_hal_rcc.o
 .text.makeFreeRtosPriority
                0x08001390       0x2e ./Middlewares/Third_Party/FreeRTOS/Source/CMSIS_RTOS/cmsis_os.o
 .text.inHandlerMode
                0x080013be       0x22 ./Middlewares/Third_Party/FreeRTOS/Source/CMSIS_RTOS/cmsis_os.o
 .text.osKernelStart
                0x080013e0        0xe ./Middlewares/Third_Party/FreeRTOS/Source/CMSIS_RTOS/cmsis_os.o
                0x080013e0                osKernelStart
 .text.osThreadCreate
                0x080013ee       0x98 ./Middlewares/Third_Party/FreeRTOS/Source/CMSIS_RTOS/cmsis_os.o
                0x080013ee                osThreadCreate
 .text.osDelay  0x08001486       0x28 ./Middlewares/Third_Party/FreeRTOS/Source/CMSIS_RTOS/cmsis_os.o
                0x08001486                osDelay
 .text.osSemaphoreCreate
                0x080014ae       0x64 ./Middlewares/Third_Party/FreeRTOS/Source/CMSIS_RTOS/cmsis_os.o
                0x080014ae                osSemaphoreCreate
 *fill*         0x08001512        0x2 
 .text.osSemaphoreWait
                0x08001514       0x9c ./Middlewares/Third_Party/FreeRTOS/Source/CMSIS_RTOS/cmsis_os.o
                0x08001514                osSemaphoreWait
 .text.osSemaphoreRelease
                0x080015b0       0x6c ./Middlewares/Third_Party/FreeRTOS/Source/CMSIS_RTOS/cmsis_os.o
                0x080015b0                osSemaphoreRelease
 .text.vListInitialise
                0x0800161c       0x3e ./Middlewares/Third_Party/FreeRTOS/Source/list.o
                0x0800161c                vListInitialise
 .text.vListInitialiseItem
                0x0800165a       0x18 ./Middlewares/Third_Party/FreeRTOS/Source/list.o
                0x0800165a                vListInitialiseItem
 .text.vListInsertEnd
                0x08001672       0x46 ./Middlewares/Third_Party/FreeRTOS/Source/list.o
                0x08001672                vListInsertEnd
 .text.vListInsert
                0x080016b8       0x70 ./Middlewares/Third_Party/FreeRTOS/Source/list.o
                0x080016b8                vListInsert
 .text.uxListRemove
                0x08001728       0x52 ./Middlewares/Third_Party/FreeRTOS/Source/list.o
                0x08001728                uxListRemove
 *fill*         0x0800177a        0x2 
 .text.xQueueGenericReset
                0x0800177c       0xd4 ./Middlewares/Third_Party/FreeRTOS/Source/queue.o
                0x0800177c                xQueueGenericReset
 .text.xQueueGenericCreateStatic
                0x08001850       0xfa ./Middlewares/Third_Party/FreeRTOS/Source/queue.o
                0x08001850                xQueueGenericCreateStatic
 .text.xQueueGenericCreate
                0x0800194a       0x76 ./Middlewares/Third_Party/FreeRTOS/Source/queue.o
                0x0800194a                xQueueGenericCreate
 .text.prvInitialiseNewQueue
                0x080019c0       0x3e ./Middlewares/Third_Party/FreeRTOS/Source/queue.o
 *fill*         0x080019fe        0x2 
 .text.xQueueGenericSend
                0x08001a00      0x204 ./Middlewares/Third_Party/FreeRTOS/Source/queue.o
                0x08001a00                xQueueGenericSend
 .text.xQueueGiveFromISR
                0x08001c04      0x120 ./Middlewares/Third_Party/FreeRTOS/Source/queue.o
                0x08001c04                xQueueGiveFromISR
 .text.xQueueSemaphoreTake
                0x08001d24      0x220 ./Middlewares/Third_Party/FreeRTOS/Source/queue.o
                0x08001d24                xQueueSemaphoreTake
 .text.xQueueReceiveFromISR
                0x08001f44      0x104 ./Middlewares/Third_Party/FreeRTOS/Source/queue.o
                0x08001f44                xQueueReceiveFromISR
 .text.prvGetDisinheritPriorityAfterTimeout
                0x08002048       0x2e ./Middlewares/Third_Party/FreeRTOS/Source/queue.o
 .text.prvCopyDataToQueue
                0x08002076       0xd4 ./Middlewares/Third_Party/FreeRTOS/Source/queue.o
 .text.prvCopyDataFromQueue
                0x0800214a       0x4c ./Middlewares/Third_Party/FreeRTOS/Source/queue.o
 .text.prvUnlockQueue
                0x08002196       0xa4 ./Middlewares/Third_Party/FreeRTOS/Source/queue.o
 .text.prvIsQueueEmpty
                0x0800223a       0x2c ./Middlewares/Third_Party/FreeRTOS/Source/queue.o
 .text.prvIsQueueFull
                0x08002266       0x30 ./Middlewares/Third_Party/FreeRTOS/Source/queue.o
 .text.xTaskCreateStatic
                0x08002296       0xc0 ./Middlewares/Third_Party/FreeRTOS/Source/tasks.o
                0x08002296                xTaskCreateStatic
 .text.xTaskCreate
                0x08002356       0x8a ./Middlewares/Third_Party/FreeRTOS/Source/tasks.o
                0x08002356                xTaskCreate
 .text.prvInitialiseNewTask
                0x080023e0      0x110 ./Middlewares/Third_Party/FreeRTOS/Source/tasks.o
 .text.prvAddNewTaskToReadyList
                0x080024f0       0xd4 ./Middlewares/Third_Party/FreeRTOS/Source/tasks.o
 .text.vTaskDelay
                0x080025c4       0x6c ./Middlewares/Third_Party/FreeRTOS/Source/tasks.o
                0x080025c4                vTaskDelay
 .text.vTaskStartScheduler
                0x08002630       0xc4 ./Middlewares/Third_Party/FreeRTOS/Source/tasks.o
                0x08002630                vTaskStartScheduler
 .text.vTaskSuspendAll
                0x080026f4       0x1c ./Middlewares/Third_Party/FreeRTOS/Source/tasks.o
                0x080026f4                vTaskSuspendAll
 .text.xTaskResumeAll
                0x08002710      0x13c ./Middlewares/Third_Party/FreeRTOS/Source/tasks.o
                0x08002710                xTaskResumeAll
 .text.xTaskIncrementTick
                0x0800284c      0x174 ./Middlewares/Third_Party/FreeRTOS/Source/tasks.o
                0x0800284c                xTaskIncrementTick
 .text.vTaskSwitchContext
                0x080029c0       0xb8 ./Middlewares/Third_Party/FreeRTOS/Source/tasks.o
                0x080029c0                vTaskSwitchContext
 .text.vTaskPlaceOnEventList
                0x08002a78       0x4c ./Middlewares/Third_Party/FreeRTOS/Source/tasks.o
                0x08002a78                vTaskPlaceOnEventList
 .text.xTaskRemoveFromEventList
                0x08002ac4       0xc8 ./Middlewares/Third_Party/FreeRTOS/Source/tasks.o
                0x08002ac4                xTaskRemoveFromEventList
 .text.vTaskInternalSetTimeOutState
                0x08002b8c       0x2c ./Middlewares/Third_Party/FreeRTOS/Source/tasks.o
                0x08002b8c                vTaskInternalSetTimeOutState
 .text.xTaskCheckForTimeOut
                0x08002bb8       0xc8 ./Middlewares/Third_Party/FreeRTOS/Source/tasks.o
                0x08002bb8                xTaskCheckForTimeOut
 .text.vTaskMissedYield
                0x08002c80       0x18 ./Middlewares/Third_Party/FreeRTOS/Source/tasks.o
                0x08002c80                vTaskMissedYield
 .text.prvIdleTask
                0x08002c98       0x30 ./Middlewares/Third_Party/FreeRTOS/Source/tasks.o
 .text.prvInitialiseTaskLists
                0x08002cc8       0x80 ./Middlewares/Third_Party/FreeRTOS/Source/tasks.o
 .text.prvCheckTasksWaitingTermination
                0x08002d48       0x5c ./Middlewares/Third_Party/FreeRTOS/Source/tasks.o
 .text.prvDeleteTCB
                0x08002da4       0x60 ./Middlewares/Third_Party/FreeRTOS/Source/tasks.o
 .text.prvResetNextTaskUnblockTime
                0x08002e04       0x40 ./Middlewares/Third_Party/FreeRTOS/Source/tasks.o
 .text.xTaskGetSchedulerState
                0x08002e44       0x3c ./Middlewares/Third_Party/FreeRTOS/Source/tasks.o
                0x08002e44                xTaskGetSchedulerState
 .text.xTaskPriorityInherit
                0x08002e80       0xec ./Middlewares/Third_Party/FreeRTOS/Source/tasks.o
                0x08002e80                xTaskPriorityInherit
 .text.xTaskPriorityDisinherit
                0x08002f6c      0x110 ./Middlewares/Third_Party/FreeRTOS/Source/tasks.o
                0x08002f6c                xTaskPriorityDisinherit
 .text.vTaskPriorityDisinheritAfterTimeout
                0x0800307c      0x120 ./Middlewares/Third_Party/FreeRTOS/Source/tasks.o
                0x0800307c                vTaskPriorityDisinheritAfterTimeout
 .text.pvTaskIncrementMutexHeldCount
                0x0800319c       0x28 ./Middlewares/Third_Party/FreeRTOS/Source/tasks.o
                0x0800319c                pvTaskIncrementMutexHeldCount
 .text.prvAddCurrentTaskToDelayedList
                0x080031c4       0xcc ./Middlewares/Third_Party/FreeRTOS/Source/tasks.o
 .text.pxPortInitialiseStack
                0x08003290       0x58 ./Middlewares/Third_Party/FreeRTOS/Source/portable/GCC/ARM_CM3/port.o
                0x08003290                pxPortInitialiseStack
 .text.prvTaskExitError
                0x080032e8       0x58 ./Middlewares/Third_Party/FreeRTOS/Source/portable/GCC/ARM_CM3/port.o
 .text.SVC_Handler
                0x08003340       0x28 ./Middlewares/Third_Party/FreeRTOS/Source/portable/GCC/ARM_CM3/port.o
                0x08003340                SVC_Handler
 .text.prvPortStartFirstTask
                0x08003368       0x20 ./Middlewares/Third_Party/FreeRTOS/Source/portable/GCC/ARM_CM3/port.o
 .text.xPortStartScheduler
                0x08003388       0xe4 ./Middlewares/Third_Party/FreeRTOS/Source/portable/GCC/ARM_CM3/port.o
                0x08003388                xPortStartScheduler
 .text.vPortEnterCritical
                0x0800346c       0x60 ./Middlewares/Third_Party/FreeRTOS/Source/portable/GCC/ARM_CM3/port.o
                0x0800346c                vPortEnterCritical
 .text.vPortExitCritical
                0x080034cc       0x54 ./Middlewares/Third_Party/FreeRTOS/Source/portable/GCC/ARM_CM3/port.o
                0x080034cc                vPortExitCritical
 .text.PendSV_Handler
                0x08003520       0x48 ./Middlewares/Third_Party/FreeRTOS/Source/portable/GCC/ARM_CM3/port.o
                0x08003520                PendSV_Handler
 .text.xPortSysTickHandler
                0x08003568       0x44 ./Middlewares/Third_Party/FreeRTOS/Source/portable/GCC/ARM_CM3/port.o
                0x08003568                xPortSysTickHandler
 .text.vPortSetupTimerInterrupt
                0x080035ac       0x44 ./Middlewares/Third_Party/FreeRTOS/Source/portable/GCC/ARM_CM3/port.o
                0x080035ac                vPortSetupTimerInterrupt
 .text.vPortValidateInterruptPriority
                0x080035f0       0x80 ./Middlewares/Third_Party/FreeRTOS/Source/portable/GCC/ARM_CM3/port.o
                0x080035f0                vPortValidateInterruptPriority
 .text.pvPortMalloc
                0x08003670      0x19c ./Middlewares/Third_Party/FreeRTOS/Source/portable/MemMang/heap_4.o
                0x08003670                pvPortMalloc
 .text.vPortFree
                0x0800380c       0xc8 ./Middlewares/Third_Party/FreeRTOS/Source/portable/MemMang/heap_4.o
                0x0800380c                vPortFree
 .text.prvHeapInit
                0x080038d4       0xc4 ./Middlewares/Third_Party/FreeRTOS/Source/portable/MemMang/heap_4.o
 .text.prvInsertBlockIntoFreeList
                0x08003998       0xb0 ./Middlewares/Third_Party/FreeRTOS/Source/portable/MemMang/heap_4.o
 .text.memset   0x08003a48       0x10 C:/ST/STM32CubeIDE_1.15.1/STM32CubeIDE/plugins/com.st.stm32cube.ide.mcu.externaltools.gnu-tools-for-stm32.12.3.rel1.win32_1.0.200.202406191623/tools/bin/../lib/gcc/arm-none-eabi/12.3.1/../../../../arm-none-eabi/lib/thumb/v7-m/nofp\libc_nano.a(libc_a-memset.o)
                0x08003a48                memset
 .text.__libc_init_array
                0x08003a58       0x48 C:/ST/STM32CubeIDE_1.15.1/STM32CubeIDE/plugins/com.st.stm32cube.ide.mcu.externaltools.gnu-tools-for-stm32.12.3.rel1.win32_1.0.200.202406191623/tools/bin/../lib/gcc/arm-none-eabi/12.3.1/../../../../arm-none-eabi/lib/thumb/v7-m/nofp\libc_nano.a(libc_a-init.o)
                0x08003a58                __libc_init_array
 .text.memcpy   0x08003aa0       0x1c C:/ST/STM32CubeIDE_1.15.1/STM32CubeIDE/plugins/com.st.stm32cube.ide.mcu.externaltools.gnu-tools-for-stm32.12.3.rel1.win32_1.0.200.202406191623/tools/bin/../lib/gcc/arm-none-eabi/12.3.1/../../../../arm-none-eabi/lib/thumb/v7-m/nofp\libc_nano.a(libc_a-memcpy-stub.o)
                0x08003aa0                memcpy
 *(.glue_7)
 .glue_7        0x08003abc        0x0 linker stubs
 *(.glue_7t)
 .glue_7t       0x08003abc        0x0 linker stubs
 *(.eh_frame)
 .eh_frame      0x08003abc        0x0 C:/ST/STM32CubeIDE_1.15.1/STM32CubeIDE/plugins/com.st.stm32cube.ide.mcu.externaltools.gnu-tools-for-stm32.12.3.rel1.win32_1.0.200.202406191623/tools/bin/../lib/gcc/arm-none-eabi/12.3.1/thumb/v7-m/nofp/crtbegin.o
 *(.init)
 .init          0x08003abc        0x4 C:/ST/STM32CubeIDE_1.15.1/STM32CubeIDE/plugins/com.st.stm32cube.ide.mcu.externaltools.gnu-tools-for-stm32.12.3.rel1.win32_1.0.200.202406191623/tools/bin/../lib/gcc/arm-none-eabi/12.3.1/thumb/v7-m/nofp/crti.o
                0x08003abc                _init
 .init          0x08003ac0        0x8 C:/ST/STM32CubeIDE_1.15.1/STM32CubeIDE/plugins/com.st.stm32cube.ide.mcu.externaltools.gnu-tools-for-stm32.12.3.rel1.win32_1.0.200.202406191623/tools/bin/../lib/gcc/arm-none-eabi/12.3.1/thumb/v7-m/nofp/crtn.o
 *(.fini)
 .fini          0x08003ac8        0x4 C:/ST/STM32CubeIDE_1.15.1/STM32CubeIDE/plugins/com.st.stm32cube.ide.mcu.externaltools.gnu-tools-for-stm32.12.3.rel1.win32_1.0.200.202406191623/tools/bin/../lib/gcc/arm-none-eabi/12.3.1/thumb/v7-m/nofp/crti.o
                0x08003ac8                _fini
 .fini          0x08003acc        0x8 C:/ST/STM32CubeIDE_1.15.1/STM32CubeIDE/plugins/com.st.stm32cube.ide.mcu.externaltools.gnu-tools-for-stm32.12.3.rel1.win32_1.0.200.202406191623/tools/bin/../lib/gcc/arm-none-eabi/12.3.1/thumb/v7-m/nofp/crtn.o
                0x08003ad4                        . = ALIGN (0x4)
                0x08003ad4                        _etext = .

.vfp11_veneer   0x08003ad4        0x0
 .vfp11_veneer  0x08003ad4        0x0 linker stubs

.v4_bx          0x08003ad4        0x0
 .v4_bx         0x08003ad4        0x0 linker stubs

.iplt           0x08003ad4        0x0
 .iplt          0x08003ad4        0x0 C:/ST/STM32CubeIDE_1.15.1/STM32CubeIDE/plugins/com.st.stm32cube.ide.mcu.externaltools.gnu-tools-for-stm32.12.3.rel1.win32_1.0.200.202406191623/tools/bin/../lib/gcc/arm-none-eabi/12.3.1/thumb/v7-m/nofp/crtbegin.o

.rodata         0x08003ad4       0xd4
                0x08003ad4                        . = ALIGN (0x4)
 *(.rodata)
 .rodata        0x08003ad4       0xa8 ./Core/Src/main.o
 .rodata        0x08003b7c        0x5 ./Middlewares/Third_Party/FreeRTOS/Source/tasks.o
 *(.rodata*)
 *fill*         0x08003b81        0x3 
 .rodata.AHBPrescTable
                0x08003b84       0x10 ./Core/Src/system_stm32f1xx.o
                0x08003b84                AHBPrescTable
 .rodata.aPLLMULFactorTable.1
                0x08003b94       0x10 ./Drivers/STM32F1xx_HAL_Driver/Src/stm32f1xx_hal_rcc.o
 .rodata.aPredivFactorTable.0
                0x08003ba4        0x2 ./Drivers/STM32F1xx_HAL_Driver/Src/stm32f1xx_hal_rcc.o
                0x08003ba8                        . = ALIGN (0x4)
 *fill*         0x08003ba6        0x2 

.ARM.extab      0x08003ba8        0x0
                0x08003ba8                        . = ALIGN (0x4)
 *(.ARM.extab* .gnu.linkonce.armextab.*)
                0x08003ba8                        . = ALIGN (0x4)

.ARM            0x08003ba8        0x0
                0x08003ba8                        . = ALIGN (0x4)
                0x08003ba8                        __exidx_start = .
 *(.ARM.exidx*)
                0x08003ba8                        __exidx_end = .
                0x08003ba8                        . = ALIGN (0x4)

.preinit_array  0x08003ba8        0x0
                0x08003ba8                        . = ALIGN (0x4)
                0x08003ba8                        PROVIDE (__preinit_array_start = .)
 *(.preinit_array*)
                0x08003ba8                        PROVIDE (__preinit_array_end = .)
                0x08003ba8                        . = ALIGN (0x4)

.init_array     0x08003ba8        0x4
                0x08003ba8                        . = ALIGN (0x4)
                0x08003ba8                        PROVIDE (__init_array_start = .)
 *(SORT_BY_NAME(.init_array.*))
 *(.init_array*)
 .init_array    0x08003ba8        0x4 C:/ST/STM32CubeIDE_1.15.1/STM32CubeIDE/plugins/com.st.stm32cube.ide.mcu.externaltools.gnu-tools-for-stm32.12.3.rel1.win32_1.0.200.202406191623/tools/bin/../lib/gcc/arm-none-eabi/12.3.1/thumb/v7-m/nofp/crtbegin.o
                0x08003bac                        PROVIDE (__init_array_end = .)
                0x08003bac                        . = ALIGN (0x4)

.fini_array     0x08003bac        0x4
                0x08003bac                        . = ALIGN (0x4)
                [!provide]                        PROVIDE (__fini_array_start = .)
 *(SORT_BY_NAME(.fini_array.*))
 *(.fini_array*)
 .fini_array    0x08003bac        0x4 C:/ST/STM32CubeIDE_1.15.1/STM32CubeIDE/plugins/com.st.stm32cube.ide.mcu.externaltools.gnu-tools-for-stm32.12.3.rel1.win32_1.0.200.202406191623/tools/bin/../lib/gcc/arm-none-eabi/12.3.1/thumb/v7-m/nofp/crtbegin.o
                [!provide]                        PROVIDE (__fini_array_end = .)
                0x08003bb0                        . = ALIGN (0x4)
                0x08003bb0                        _sidata = LOADADDR (.data)

.rel.dyn        0x08003bb0        0x0
 .rel.iplt      0x08003bb0        0x0 C:/ST/STM32CubeIDE_1.15.1/STM32CubeIDE/plugins/com.st.stm32cube.ide.mcu.externaltools.gnu-tools-for-stm32.12.3.rel1.win32_1.0.200.202406191623/tools/bin/../lib/gcc/arm-none-eabi/12.3.1/thumb/v7-m/nofp/crtbegin.o

.data           0x20000000       0x14 load address 0x08003bb0
                0x20000000                        . = ALIGN (0x4)
                0x20000000                        _sdata = .
 *(.data)
 *(.data*)
 .data.startFlag
                0x20000000        0x1 ./Core/Src/main.o
                0x20000000                startFlag
 *fill*         0x20000001        0x1 
 .data.WaitTimeMilliseconds
                0x20000002        0x2 ./Core/Src/main.o
                0x20000002                WaitTimeMilliseconds
 .data.SystemCoreClock
                0x20000004        0x4 ./Core/Src/system_stm32f1xx.o
                0x20000004                SystemCoreClock
 .data.uwTickPrio
                0x20000008        0x4 ./Drivers/STM32F1xx_HAL_Driver/Src/stm32f1xx_hal.o
                0x20000008                uwTickPrio
 .data.uwTickFreq
                0x2000000c        0x1 ./Drivers/STM32F1xx_HAL_Driver/Src/stm32f1xx_hal.o
                0x2000000c                uwTickFreq
 *fill*         0x2000000d        0x3 
 .data.uxCriticalNesting
                0x20000010        0x4 ./Middlewares/Third_Party/FreeRTOS/Source/portable/GCC/ARM_CM3/port.o
 *(.RamFunc)
 *(.RamFunc*)
                0x20000014                        . = ALIGN (0x4)
                0x20000014                        _edata = .

.igot.plt       0x20000014        0x0 load address 0x08003bc4
 .igot.plt      0x20000014        0x0 C:/ST/STM32CubeIDE_1.15.1/STM32CubeIDE/plugins/com.st.stm32cube.ide.mcu.externaltools.gnu-tools-for-stm32.12.3.rel1.win32_1.0.200.202406191623/tools/bin/../lib/gcc/arm-none-eabi/12.3.1/thumb/v7-m/nofp/crtbegin.o
                0x20000014                        . = ALIGN (0x4)

.bss            0x20000014      0xfdc load address 0x08003bc4
                0x20000014                        _sbss = .
                0x20000014                        __bss_start__ = _sbss
 *(.bss)
 .bss           0x20000014       0x1c C:/ST/STM32CubeIDE_1.15.1/STM32CubeIDE/plugins/com.st.stm32cube.ide.mcu.externaltools.gnu-tools-for-stm32.12.3.rel1.win32_1.0.200.202406191623/tools/bin/../lib/gcc/arm-none-eabi/12.3.1/thumb/v7-m/nofp/crtbegin.o
 *(.bss*)
 .bss.xIdleTaskTCBBuffer
                0x20000030       0x54 ./Core/Src/freertos.o
 .bss.xIdleStack
                0x20000084      0x200 ./Core/Src/freertos.o
 .bss.defaultTaskHandle
                0x20000284        0x4 ./Core/Src/main.o
                0x20000284                defaultTaskHandle
 .bss.HijauLedTaskHandle
                0x20000288        0x4 ./Core/Src/main.o
                0x20000288                HijauLedTaskHandle
 .bss.MerahLedTaskHandle
                0x2000028c        0x4 ./Core/Src/main.o
                0x2000028c                MerahLedTaskHandle
 .bss.OrenLedTaskHandle
                0x20000290        0x4 ./Core/Src/main.o
                0x20000290                OrenLedTaskHandle
 .bss.CriticalResourceSemaphoreHandle
                0x20000294        0x4 ./Core/Src/main.o
                0x20000294                CriticalResourceSemaphoreHandle
 .bss.uwTick    0x20000298        0x4 ./Drivers/STM32F1xx_HAL_Driver/Src/stm32f1xx_hal.o
                0x20000298                uwTick
 .bss.pxCurrentTCB
                0x2000029c        0x4 ./Middlewares/Third_Party/FreeRTOS/Source/tasks.o
                0x2000029c                pxCurrentTCB
 .bss.pxReadyTasksLists
                0x200002a0       0x8c ./Middlewares/Third_Party/FreeRTOS/Source/tasks.o
 .bss.xDelayedTaskList1
                0x2000032c       0x14 ./Middlewares/Third_Party/FreeRTOS/Source/tasks.o
 .bss.xDelayedTaskList2
                0x20000340       0x14 ./Middlewares/Third_Party/FreeRTOS/Source/tasks.o
 .bss.pxDelayedTaskList
                0x20000354        0x4 ./Middlewares/Third_Party/FreeRTOS/Source/tasks.o
 .bss.pxOverflowDelayedTaskList
                0x20000358        0x4 ./Middlewares/Third_Party/FreeRTOS/Source/tasks.o
 .bss.xPendingReadyList
                0x2000035c       0x14 ./Middlewares/Third_Party/FreeRTOS/Source/tasks.o
 .bss.xTasksWaitingTermination
                0x20000370       0x14 ./Middlewares/Third_Party/FreeRTOS/Source/tasks.o
 .bss.uxDeletedTasksWaitingCleanUp
                0x20000384        0x4 ./Middlewares/Third_Party/FreeRTOS/Source/tasks.o
 .bss.xSuspendedTaskList
                0x20000388       0x14 ./Middlewares/Third_Party/FreeRTOS/Source/tasks.o
 .bss.uxCurrentNumberOfTasks
                0x2000039c        0x4 ./Middlewares/Third_Party/FreeRTOS/Source/tasks.o
 .bss.xTickCount
                0x200003a0        0x4 ./Middlewares/Third_Party/FreeRTOS/Source/tasks.o
 .bss.uxTopReadyPriority
                0x200003a4        0x4 ./Middlewares/Third_Party/FreeRTOS/Source/tasks.o
 .bss.xSchedulerRunning
                0x200003a8        0x4 ./Middlewares/Third_Party/FreeRTOS/Source/tasks.o
 .bss.xPendedTicks
                0x200003ac        0x4 ./Middlewares/Third_Party/FreeRTOS/Source/tasks.o
 .bss.xYieldPending
                0x200003b0        0x4 ./Middlewares/Third_Party/FreeRTOS/Source/tasks.o
 .bss.xNumOfOverflows
                0x200003b4        0x4 ./Middlewares/Third_Party/FreeRTOS/Source/tasks.o
 .bss.uxTaskNumber
                0x200003b8        0x4 ./Middlewares/Third_Party/FreeRTOS/Source/tasks.o
 .bss.xNextTaskUnblockTime
                0x200003bc        0x4 ./Middlewares/Third_Party/FreeRTOS/Source/tasks.o
 .bss.xIdleTaskHandle
                0x200003c0        0x4 ./Middlewares/Third_Party/FreeRTOS/Source/tasks.o
 .bss.uxSchedulerSuspended
                0x200003c4        0x4 ./Middlewares/Third_Party/FreeRTOS/Source/tasks.o
 .bss.ucMaxSysCallPriority
                0x200003c8        0x1 ./Middlewares/Third_Party/FreeRTOS/Source/portable/GCC/ARM_CM3/port.o
 *fill*         0x200003c9        0x3 
 .bss.ulMaxPRIGROUPValue
                0x200003cc        0x4 ./Middlewares/Third_Party/FreeRTOS/Source/portable/GCC/ARM_CM3/port.o
 .bss.ucHeap    0x200003d0      0xc00 ./Middlewares/Third_Party/FreeRTOS/Source/portable/MemMang/heap_4.o
 .bss.xStart    0x20000fd0        0x8 ./Middlewares/Third_Party/FreeRTOS/Source/portable/MemMang/heap_4.o
 .bss.pxEnd     0x20000fd8        0x4 ./Middlewares/Third_Party/FreeRTOS/Source/portable/MemMang/heap_4.o
 .bss.xFreeBytesRemaining
                0x20000fdc        0x4 ./Middlewares/Third_Party/FreeRTOS/Source/portable/MemMang/heap_4.o
 .bss.xMinimumEverFreeBytesRemaining
                0x20000fe0        0x4 ./Middlewares/Third_Party/FreeRTOS/Source/portable/MemMang/heap_4.o
 .bss.xNumberOfSuccessfulAllocations
                0x20000fe4        0x4 ./Middlewares/Third_Party/FreeRTOS/Source/portable/MemMang/heap_4.o
 .bss.xNumberOfSuccessfulFrees
                0x20000fe8        0x4 ./Middlewares/Third_Party/FreeRTOS/Source/portable/MemMang/heap_4.o
 .bss.xBlockAllocatedBit
                0x20000fec        0x4 ./Middlewares/Third_Party/FreeRTOS/Source/portable/MemMang/heap_4.o
 *(COMMON)
                0x20000ff0                        . = ALIGN (0x4)
                0x20000ff0                        _ebss = .
                0x20000ff0                        __bss_end__ = _ebss

._user_heap_stack
                0x20000ff0      0x600 load address 0x08003bc4
                0x20000ff0                        . = ALIGN (0x8)
                [!provide]                        PROVIDE (end = .)
                0x20000ff0                        PROVIDE (_end = .)
                0x200011f0                        . = (. + _Min_Heap_Size)
 *fill*         0x20000ff0      0x200 
                0x200015f0                        . = (. + _Min_Stack_Size)
 *fill*         0x200011f0      0x400 
                0x200015f0                        . = ALIGN (0x8)

/DISCARD/
 libc.a(*)
 libm.a(*)
 libgcc.a(*)

.ARM.attributes
                0x00000000       0x29
 *(.ARM.attributes)
 .ARM.attributes
                0x00000000       0x1d C:/ST/STM32CubeIDE_1.15.1/STM32CubeIDE/plugins/com.st.stm32cube.ide.mcu.externaltools.gnu-tools-for-stm32.12.3.rel1.win32_1.0.200.202406191623/tools/bin/../lib/gcc/arm-none-eabi/12.3.1/thumb/v7-m/nofp/crti.o
 .ARM.attributes
                0x0000001d       0x2d C:/ST/STM32CubeIDE_1.15.1/STM32CubeIDE/plugins/com.st.stm32cube.ide.mcu.externaltools.gnu-tools-for-stm32.12.3.rel1.win32_1.0.200.202406191623/tools/bin/../lib/gcc/arm-none-eabi/12.3.1/thumb/v7-m/nofp/crtbegin.o
 .ARM.attributes
                0x0000004a       0x2d ./Core/Src/freertos.o
 .ARM.attributes
                0x00000077       0x2d ./Core/Src/main.o
 .ARM.attributes
                0x000000a4       0x2d ./Core/Src/stm32f1xx_hal_msp.o
 .ARM.attributes
                0x000000d1       0x2d ./Core/Src/stm32f1xx_it.o
 .ARM.attributes
                0x000000fe       0x2d ./Core/Src/system_stm32f1xx.o
 .ARM.attributes
                0x0000012b       0x21 ./Core/Startup/startup_stm32f103c8tx.o
 .ARM.attributes
                0x0000014c       0x2d ./Drivers/STM32F1xx_HAL_Driver/Src/stm32f1xx_hal.o
 .ARM.attributes
                0x00000179       0x2d ./Drivers/STM32F1xx_HAL_Driver/Src/stm32f1xx_hal_cortex.o
 .ARM.attributes
                0x000001a6       0x2d ./Drivers/STM32F1xx_HAL_Driver/Src/stm32f1xx_hal_gpio.o
 .ARM.attributes
                0x000001d3       0x2d ./Drivers/STM32F1xx_HAL_Driver/Src/stm32f1xx_hal_rcc.o
 .ARM.attributes
                0x00000200       0x2d ./Middlewares/Third_Party/FreeRTOS/Source/CMSIS_RTOS/cmsis_os.o
 .ARM.attributes
                0x0000022d       0x2d ./Middlewares/Third_Party/FreeRTOS/Source/list.o
 .ARM.attributes
                0x0000025a       0x2d ./Middlewares/Third_Party/FreeRTOS/Source/queue.o
 .ARM.attributes
                0x00000287       0x2d ./Middlewares/Third_Party/FreeRTOS/Source/tasks.o
 .ARM.attributes
                0x000002b4       0x2d ./Middlewares/Third_Party/FreeRTOS/Source/portable/GCC/ARM_CM3/port.o
 .ARM.attributes
                0x000002e1       0x2d ./Middlewares/Third_Party/FreeRTOS/Source/portable/MemMang/heap_4.o
 .ARM.attributes
                0x0000030e       0x2d C:/ST/STM32CubeIDE_1.15.1/STM32CubeIDE/plugins/com.st.stm32cube.ide.mcu.externaltools.gnu-tools-for-stm32.12.3.rel1.win32_1.0.200.202406191623/tools/bin/../lib/gcc/arm-none-eabi/12.3.1/../../../../arm-none-eabi/lib/thumb/v7-m/nofp\libc_nano.a(libc_a-memset.o)
 .ARM.attributes
                0x0000033b       0x2d C:/ST/STM32CubeIDE_1.15.1/STM32CubeIDE/plugins/com.st.stm32cube.ide.mcu.externaltools.gnu-tools-for-stm32.12.3.rel1.win32_1.0.200.202406191623/tools/bin/../lib/gcc/arm-none-eabi/12.3.1/../../../../arm-none-eabi/lib/thumb/v7-m/nofp\libc_nano.a(libc_a-init.o)
 .ARM.attributes
                0x00000368       0x2d C:/ST/STM32CubeIDE_1.15.1/STM32CubeIDE/plugins/com.st.stm32cube.ide.mcu.externaltools.gnu-tools-for-stm32.12.3.rel1.win32_1.0.200.202406191623/tools/bin/../lib/gcc/arm-none-eabi/12.3.1/../../../../arm-none-eabi/lib/thumb/v7-m/nofp\libc_nano.a(libc_a-memcpy-stub.o)
 .ARM.attributes
                0x00000395       0x1d C:/ST/STM32CubeIDE_1.15.1/STM32CubeIDE/plugins/com.st.stm32cube.ide.mcu.externaltools.gnu-tools-for-stm32.12.3.rel1.win32_1.0.200.202406191623/tools/bin/../lib/gcc/arm-none-eabi/12.3.1/thumb/v7-m/nofp/crtn.o
OUTPUT(exercise 8.elf elf32-littlearm)
LOAD linker stubs
LOAD C:/ST/STM32CubeIDE_1.15.1/STM32CubeIDE/plugins/com.st.stm32cube.ide.mcu.externaltools.gnu-tools-for-stm32.12.3.rel1.win32_1.0.200.202406191623/tools/bin/../lib/gcc/arm-none-eabi/12.3.1/../../../../arm-none-eabi/lib/thumb/v7-m/nofp\libc.a
LOAD C:/ST/STM32CubeIDE_1.15.1/STM32CubeIDE/plugins/com.st.stm32cube.ide.mcu.externaltools.gnu-tools-for-stm32.12.3.rel1.win32_1.0.200.202406191623/tools/bin/../lib/gcc/arm-none-eabi/12.3.1/../../../../arm-none-eabi/lib/thumb/v7-m/nofp\libm.a
LOAD C:/ST/STM32CubeIDE_1.15.1/STM32CubeIDE/plugins/com.st.stm32cube.ide.mcu.externaltools.gnu-tools-for-stm32.12.3.rel1.win32_1.0.200.202406191623/tools/bin/../lib/gcc/arm-none-eabi/12.3.1/thumb/v7-m/nofp\libgcc.a

.debug_info     0x00000000     0x9009
 .debug_info    0x00000000      0x279 ./Core/Src/freertos.o
 .debug_info    0x00000279      0xbcb ./Core/Src/main.o
 .debug_info    0x00000e44      0x361 ./Core/Src/stm32f1xx_hal_msp.o
 .debug_info    0x000011a5      0x11b ./Core/Src/stm32f1xx_it.o
 .debug_info    0x000012c0      0x222 ./Core/Src/system_stm32f1xx.o
 .debug_info    0x000014e2       0x30 ./Core/Startup/startup_stm32f103c8tx.o
 .debug_info    0x00001512      0x704 ./Drivers/STM32F1xx_HAL_Driver/Src/stm32f1xx_hal.o
 .debug_info    0x00001c16      0xa87 ./Drivers/STM32F1xx_HAL_Driver/Src/stm32f1xx_hal_cortex.o
 .debug_info    0x0000269d      0x5ab ./Drivers/STM32F1xx_HAL_Driver/Src/stm32f1xx_hal_gpio.o
 .debug_info    0x00002c48      0x7d5 ./Drivers/STM32F1xx_HAL_Driver/Src/stm32f1xx_hal_rcc.o
 .debug_info    0x0000341d     0x1b60 ./Middlewares/Third_Party/FreeRTOS/Source/CMSIS_RTOS/cmsis_os.o
 .debug_info    0x00004f7d      0x2af ./Middlewares/Third_Party/FreeRTOS/Source/list.o
 .debug_info    0x0000522c     0x17cd ./Middlewares/Third_Party/FreeRTOS/Source/queue.o
 .debug_info    0x000069f9     0x1ca7 ./Middlewares/Third_Party/FreeRTOS/Source/tasks.o
 .debug_info    0x000086a0      0x494 ./Middlewares/Third_Party/FreeRTOS/Source/portable/GCC/ARM_CM3/port.o
 .debug_info    0x00008b34      0x4d5 ./Middlewares/Third_Party/FreeRTOS/Source/portable/MemMang/heap_4.o

.debug_abbrev   0x00000000     0x205c
 .debug_abbrev  0x00000000       0xd2 ./Core/Src/freertos.o
 .debug_abbrev  0x000000d2      0x2cc ./Core/Src/main.o
 .debug_abbrev  0x0000039e      0x11c ./Core/Src/stm32f1xx_hal_msp.o
 .debug_abbrev  0x000004ba       0xaa ./Core/Src/stm32f1xx_it.o
 .debug_abbrev  0x00000564      0x13f ./Core/Src/system_stm32f1xx.o
 .debug_abbrev  0x000006a3       0x24 ./Core/Startup/startup_stm32f103c8tx.o
 .debug_abbrev  0x000006c7      0x201 ./Drivers/STM32F1xx_HAL_Driver/Src/stm32f1xx_hal.o
 .debug_abbrev  0x000008c8      0x2f8 ./Drivers/STM32F1xx_HAL_Driver/Src/stm32f1xx_hal_cortex.o
 .debug_abbrev  0x00000bc0      0x1ca ./Drivers/STM32F1xx_HAL_Driver/Src/stm32f1xx_hal_gpio.o
 .debug_abbrev  0x00000d8a      0x2b3 ./Drivers/STM32F1xx_HAL_Driver/Src/stm32f1xx_hal_rcc.o
 .debug_abbrev  0x0000103d      0x3a7 ./Middlewares/Third_Party/FreeRTOS/Source/CMSIS_RTOS/cmsis_os.o
 .debug_abbrev  0x000013e4       0xf5 ./Middlewares/Third_Party/FreeRTOS/Source/list.o
 .debug_abbrev  0x000014d9      0x3b5 ./Middlewares/Third_Party/FreeRTOS/Source/queue.o
 .debug_abbrev  0x0000188e      0x359 ./Middlewares/Third_Party/FreeRTOS/Source/tasks.o
 .debug_abbrev  0x00001be7      0x258 ./Middlewares/Third_Party/FreeRTOS/Source/portable/GCC/ARM_CM3/port.o
 .debug_abbrev  0x00001e3f      0x21d ./Middlewares/Third_Party/FreeRTOS/Source/portable/MemMang/heap_4.o

.debug_aranges  0x00000000      0x9b0
 .debug_aranges
                0x00000000       0x20 ./Core/Src/freertos.o
 .debug_aranges
                0x00000020       0x60 ./Core/Src/main.o
 .debug_aranges
                0x00000080       0x20 ./Core/Src/stm32f1xx_hal_msp.o
 .debug_aranges
                0x000000a0       0x50 ./Core/Src/stm32f1xx_it.o
 .debug_aranges
                0x000000f0       0x28 ./Core/Src/system_stm32f1xx.o
 .debug_aranges
                0x00000118       0x28 ./Core/Startup/startup_stm32f103c8tx.o
 .debug_aranges
                0x00000140       0xe0 ./Drivers/STM32F1xx_HAL_Driver/Src/stm32f1xx_hal.o
 .debug_aranges
                0x00000220      0x100 ./Drivers/STM32F1xx_HAL_Driver/Src/stm32f1xx_hal_cortex.o
 .debug_aranges
                0x00000320       0x58 ./Drivers/STM32F1xx_HAL_Driver/Src/stm32f1xx_hal_gpio.o
 .debug_aranges
                0x00000378       0x90 ./Drivers/STM32F1xx_HAL_Driver/Src/stm32f1xx_hal_rcc.o
 .debug_aranges
                0x00000408      0x1d8 ./Middlewares/Third_Party/FreeRTOS/Source/CMSIS_RTOS/cmsis_os.o
 .debug_aranges
                0x000005e0       0x40 ./Middlewares/Third_Party/FreeRTOS/Source/list.o
 .debug_aranges
                0x00000620      0x108 ./Middlewares/Third_Party/FreeRTOS/Source/queue.o
 .debug_aranges
                0x00000728      0x1b8 ./Middlewares/Third_Party/FreeRTOS/Source/tasks.o
 .debug_aranges
                0x000008e0       0x78 ./Middlewares/Third_Party/FreeRTOS/Source/portable/GCC/ARM_CM3/port.o
 .debug_aranges
                0x00000958       0x58 ./Middlewares/Third_Party/FreeRTOS/Source/portable/MemMang/heap_4.o

.debug_rnglists
                0x00000000      0x737
 .debug_rnglists
                0x00000000       0x13 ./Core/Src/freertos.o
 .debug_rnglists
                0x00000013       0x44 ./Core/Src/main.o
 .debug_rnglists
                0x00000057       0x13 ./Core/Src/stm32f1xx_hal_msp.o
 .debug_rnglists
                0x0000006a       0x37 ./Core/Src/stm32f1xx_it.o
 .debug_rnglists
                0x000000a1       0x1a ./Core/Src/system_stm32f1xx.o
 .debug_rnglists
                0x000000bb       0x19 ./Core/Startup/startup_stm32f103c8tx.o
 .debug_rnglists
                0x000000d4       0xa3 ./Drivers/STM32F1xx_HAL_Driver/Src/stm32f1xx_hal.o
 .debug_rnglists
                0x00000177       0xbb ./Drivers/STM32F1xx_HAL_Driver/Src/stm32f1xx_hal_cortex.o
 .debug_rnglists
                0x00000232       0x3f ./Drivers/STM32F1xx_HAL_Driver/Src/stm32f1xx_hal_gpio.o
 .debug_rnglists
                0x00000271       0x6c ./Drivers/STM32F1xx_HAL_Driver/Src/stm32f1xx_hal_rcc.o
 .debug_rnglists
                0x000002dd      0x16a ./Middlewares/Third_Party/FreeRTOS/Source/CMSIS_RTOS/cmsis_os.o
 .debug_rnglists
                0x00000447       0x2b ./Middlewares/Third_Party/FreeRTOS/Source/list.o
 .debug_rnglists
                0x00000472       0xcd ./Middlewares/Third_Party/FreeRTOS/Source/queue.o
 .debug_rnglists
                0x0000053f      0x15f ./Middlewares/Third_Party/FreeRTOS/Source/tasks.o
 .debug_rnglists
                0x0000069e       0x57 ./Middlewares/Third_Party/FreeRTOS/Source/portable/GCC/ARM_CM3/port.o
 .debug_rnglists
                0x000006f5       0x42 ./Middlewares/Third_Party/FreeRTOS/Source/portable/MemMang/heap_4.o

.debug_macro    0x00000000    0x1809b
 .debug_macro   0x00000000      0x1fb ./Core/Src/freertos.o
 .debug_macro   0x000001fb      0xaa8 ./Core/Src/freertos.o
 .debug_macro   0x00000ca3      0x189 ./Core/Src/freertos.o
 .debug_macro   0x00000e2c       0x22 ./Core/Src/freertos.o
 .debug_macro   0x00000e4e       0x8e ./Core/Src/freertos.o
 .debug_macro   0x00000edc       0x51 ./Core/Src/freertos.o
 .debug_macro   0x00000f2d      0x103 ./Core/Src/freertos.o
 .debug_macro   0x00001030       0x6a ./Core/Src/freertos.o
 .debug_macro   0x0000109a      0x1df ./Core/Src/freertos.o
 .debug_macro   0x00001279       0xd0 ./Core/Src/freertos.o
 .debug_macro   0x00001349      0x15a ./Core/Src/freertos.o
 .debug_macro   0x000014a3       0xde ./Core/Src/freertos.o
 .debug_macro   0x00001581       0x1c ./Core/Src/freertos.o
 .debug_macro   0x0000159d       0x26 ./Core/Src/freertos.o
 .debug_macro   0x000015c3      0x519 ./Core/Src/freertos.o
 .debug_macro   0x00001adc       0xb5 ./Core/Src/freertos.o
 .debug_macro   0x00001b91       0xaa ./Core/Src/freertos.o
 .debug_macro   0x00001c3b      0x20f ./Core/Src/freertos.o
 .debug_macro   0x00001e4a       0x2e ./Core/Src/freertos.o
 .debug_macro   0x00001e78       0x22 ./Core/Src/freertos.o
 .debug_macro   0x00001e9a       0x1c ./Core/Src/freertos.o
 .debug_macro   0x00001eb6       0x22 ./Core/Src/freertos.o
 .debug_macro   0x00001ed8       0xbd ./Core/Src/freertos.o
 .debug_macro   0x00001f95      0xd23 ./Core/Src/freertos.o
 .debug_macro   0x00002cb8     0xe09e ./Core/Src/freertos.o
 .debug_macro   0x00010d56       0x6d ./Core/Src/freertos.o
 .debug_macro   0x00010dc3     0x34a2 ./Core/Src/freertos.o
 .debug_macro   0x00014265       0x5c ./Core/Src/freertos.o
 .debug_macro   0x000142c1      0x5bc ./Core/Src/freertos.o
 .debug_macro   0x0001487d      0x289 ./Core/Src/freertos.o
 .debug_macro   0x00014b06      0x1cb ./Core/Src/freertos.o
 .debug_macro   0x00014cd1      0x114 ./Core/Src/freertos.o
 .debug_macro   0x00014de5      0x1b2 ./Core/Src/freertos.o
 .debug_macro   0x00014f97       0x27 ./Core/Src/freertos.o
 .debug_macro   0x00014fbe      0x136 ./Core/Src/freertos.o
 .debug_macro   0x000150f4      0x1bc ./Core/Src/freertos.o
 .debug_macro   0x000152b0       0x34 ./Core/Src/freertos.o
 .debug_macro   0x000152e4       0x3c ./Core/Src/freertos.o
 .debug_macro   0x00015320       0x57 ./Core/Src/freertos.o
 .debug_macro   0x00015377       0x87 ./Core/Src/freertos.o
 .debug_macro   0x000153fe      0x240 ./Core/Src/freertos.o
 .debug_macro   0x0001563e      0x140 ./Core/Src/freertos.o
 .debug_macro   0x0001577e       0x83 ./Core/Src/freertos.o
 .debug_macro   0x00015801       0x34 ./Core/Src/freertos.o
 .debug_macro   0x00015835      0x31e ./Core/Src/main.o
 .debug_macro   0x00015b53       0xd0 ./Core/Src/main.o
 .debug_macro   0x00015c23       0x91 ./Core/Src/main.o
 .debug_macro   0x00015cb4       0x8d ./Core/Src/main.o
 .debug_macro   0x00015d41       0x7e ./Core/Src/main.o
 .debug_macro   0x00015dbf       0x19 ./Core/Src/main.o
 .debug_macro   0x00015dd8       0xf2 ./Core/Src/main.o
 .debug_macro   0x00015eca       0x61 ./Core/Src/main.o
 .debug_macro   0x00015f2b       0x24 ./Core/Src/main.o
 .debug_macro   0x00015f4f       0x43 ./Core/Src/main.o
 .debug_macro   0x00015f92       0x34 ./Core/Src/main.o
 .debug_macro   0x00015fc6       0x16 ./Core/Src/main.o
 .debug_macro   0x00015fdc       0x35 ./Core/Src/main.o
 .debug_macro   0x00016011      0x369 ./Core/Src/main.o
 .debug_macro   0x0001637a       0x10 ./Core/Src/main.o
 .debug_macro   0x0001638a       0x16 ./Core/Src/main.o
 .debug_macro   0x000163a0       0x43 ./Core/Src/main.o
 .debug_macro   0x000163e3       0x34 ./Core/Src/main.o
 .debug_macro   0x00016417       0x10 ./Core/Src/main.o
 .debug_macro   0x00016427       0x58 ./Core/Src/main.o
 .debug_macro   0x0001647f       0x8e ./Core/Src/main.o
 .debug_macro   0x0001650d       0x1c ./Core/Src/main.o
 .debug_macro   0x00016529      0x177 ./Core/Src/main.o
 .debug_macro   0x000166a0       0x16 ./Core/Src/main.o
 .debug_macro   0x000166b6       0x16 ./Core/Src/main.o
 .debug_macro   0x000166cc      0x146 ./Core/Src/main.o
 .debug_macro   0x00016812      0x193 ./Core/Src/stm32f1xx_hal_msp.o
 .debug_macro   0x000169a5      0x205 ./Core/Src/stm32f1xx_it.o
 .debug_macro   0x00016baa      0x184 ./Core/Src/system_stm32f1xx.o
 .debug_macro   0x00016d2e      0x1a8 ./Drivers/STM32F1xx_HAL_Driver/Src/stm32f1xx_hal.o
 .debug_macro   0x00016ed6      0x184 ./Drivers/STM32F1xx_HAL_Driver/Src/stm32f1xx_hal_cortex.o
 .debug_macro   0x0001705a      0x1ef ./Drivers/STM32F1xx_HAL_Driver/Src/stm32f1xx_hal_gpio.o
 .debug_macro   0x00017249      0x196 ./Drivers/STM32F1xx_HAL_Driver/Src/stm32f1xx_hal_rcc.o
 .debug_macro   0x000173df      0x1fe ./Middlewares/Third_Party/FreeRTOS/Source/CMSIS_RTOS/cmsis_os.o
 .debug_macro   0x000175dd       0x10 ./Middlewares/Third_Party/FreeRTOS/Source/CMSIS_RTOS/cmsis_os.o
 .debug_macro   0x000175ed       0x20 ./Middlewares/Third_Party/FreeRTOS/Source/CMSIS_RTOS/cmsis_os.o
 .debug_macro   0x0001760d       0xab ./Middlewares/Third_Party/FreeRTOS/Source/CMSIS_RTOS/cmsis_os.o
 .debug_macro   0x000176b8      0x187 ./Middlewares/Third_Party/FreeRTOS/Source/list.o
 .debug_macro   0x0001783f      0x216 ./Middlewares/Third_Party/FreeRTOS/Source/queue.o
 .debug_macro   0x00017a55       0x16 ./Middlewares/Third_Party/FreeRTOS/Source/queue.o
 .debug_macro   0x00017a6b       0x87 ./Middlewares/Third_Party/FreeRTOS/Source/queue.o
 .debug_macro   0x00017af2      0x279 ./Middlewares/Third_Party/FreeRTOS/Source/tasks.o
 .debug_macro   0x00017d6b       0x10 ./Middlewares/Third_Party/FreeRTOS/Source/tasks.o
 .debug_macro   0x00017d7b      0x172 ./Middlewares/Third_Party/FreeRTOS/Source/portable/GCC/ARM_CM3/port.o
 .debug_macro   0x00017eed      0x1ae ./Middlewares/Third_Party/FreeRTOS/Source/portable/MemMang/heap_4.o

.debug_line     0x00000000     0xb039
 .debug_line    0x00000000      0x7b9 ./Core/Src/freertos.o
 .debug_line    0x000007b9      0xb2e ./Core/Src/main.o
 .debug_line    0x000012e7      0x6be ./Core/Src/stm32f1xx_hal_msp.o
 .debug_line    0x000019a5      0x863 ./Core/Src/stm32f1xx_it.o
 .debug_line    0x00002208      0x73a ./Core/Src/system_stm32f1xx.o
 .debug_line    0x00002942       0x78 ./Core/Startup/startup_stm32f103c8tx.o
 .debug_line    0x000029ba      0x967 ./Drivers/STM32F1xx_HAL_Driver/Src/stm32f1xx_hal.o
 .debug_line    0x00003321      0xb53 ./Drivers/STM32F1xx_HAL_Driver/Src/stm32f1xx_hal_cortex.o
 .debug_line    0x00003e74      0xa00 ./Drivers/STM32F1xx_HAL_Driver/Src/stm32f1xx_hal_gpio.o
 .debug_line    0x00004874      0xd70 ./Drivers/STM32F1xx_HAL_Driver/Src/stm32f1xx_hal_rcc.o
 .debug_line    0x000055e4     0x1265 ./Middlewares/Third_Party/FreeRTOS/Source/CMSIS_RTOS/cmsis_os.o
 .debug_line    0x00006849      0x795 ./Middlewares/Third_Party/FreeRTOS/Source/list.o
 .debug_line    0x00006fde     0x1516 ./Middlewares/Third_Party/FreeRTOS/Source/queue.o
 .debug_line    0x000084f4     0x19ac ./Middlewares/Third_Party/FreeRTOS/Source/tasks.o
 .debug_line    0x00009ea0      0x7da ./Middlewares/Third_Party/FreeRTOS/Source/portable/GCC/ARM_CM3/port.o
 .debug_line    0x0000a67a      0x9bf ./Middlewares/Third_Party/FreeRTOS/Source/portable/MemMang/heap_4.o

.debug_str      0x00000000    0x885f3
 .debug_str     0x00000000    0x7e96d ./Core/Src/freertos.o
                              0x7ecd9 (size before relaxing)
 .debug_str     0x0007e96d     0x6030 ./Core/Src/main.o
                              0x84cc3 (size before relaxing)
 .debug_str     0x0008499d      0x2dd ./Core/Src/stm32f1xx_hal_msp.o
                              0x7b14d (size before relaxing)
 .debug_str     0x00084c7a       0xd9 ./Core/Src/stm32f1xx_it.o
                              0x7ec3a (size before relaxing)
 .debug_str     0x00084d53       0x7e ./Core/Src/system_stm32f1xx.o
                              0x7adc4 (size before relaxing)
 .debug_str     0x00084dd1       0x44 ./Core/Startup/startup_stm32f103c8tx.o
                                 0xbe (size before relaxing)
 .debug_str     0x00084e15      0x384 ./Drivers/STM32F1xx_HAL_Driver/Src/stm32f1xx_hal.o
                              0x7b4f7 (size before relaxing)
 .debug_str     0x00085199      0x2a8 ./Drivers/STM32F1xx_HAL_Driver/Src/stm32f1xx_hal_cortex.o
                              0x7b443 (size before relaxing)
 .debug_str     0x00085441      0x2e3 ./Drivers/STM32F1xx_HAL_Driver/Src/stm32f1xx_hal_gpio.o
                              0x7b14a (size before relaxing)
 .debug_str     0x00085724      0x229 ./Drivers/STM32F1xx_HAL_Driver/Src/stm32f1xx_hal_rcc.o
                              0x7b1f3 (size before relaxing)
 .debug_str     0x0008594d      0x9cc ./Middlewares/Third_Party/FreeRTOS/Source/CMSIS_RTOS/cmsis_os.o
                               0xe5c4 (size before relaxing)
 .debug_str     0x00086319      0x20f ./Middlewares/Third_Party/FreeRTOS/Source/list.o
                               0xaac0 (size before relaxing)
 .debug_str     0x00086528      0x7ed ./Middlewares/Third_Party/FreeRTOS/Source/queue.o
                               0xc453 (size before relaxing)
 .debug_str     0x00086d15      0xf43 ./Middlewares/Third_Party/FreeRTOS/Source/tasks.o
                               0xce2b (size before relaxing)
 .debug_str     0x00087c58      0x66e ./Middlewares/Third_Party/FreeRTOS/Source/portable/GCC/ARM_CM3/port.o
                               0x8609 (size before relaxing)
 .debug_str     0x000882c6      0x32d ./Middlewares/Third_Party/FreeRTOS/Source/portable/MemMang/heap_4.o
                               0xb402 (size before relaxing)

.comment        0x00000000       0x43
 .comment       0x00000000       0x43 ./Core/Src/freertos.o
                                 0x44 (size before relaxing)
 .comment       0x00000043       0x44 ./Core/Src/main.o
 .comment       0x00000043       0x44 ./Core/Src/stm32f1xx_hal_msp.o
 .comment       0x00000043       0x44 ./Core/Src/stm32f1xx_it.o
 .comment       0x00000043       0x44 ./Core/Src/system_stm32f1xx.o
 .comment       0x00000043       0x44 ./Drivers/STM32F1xx_HAL_Driver/Src/stm32f1xx_hal.o
 .comment       0x00000043       0x44 ./Drivers/STM32F1xx_HAL_Driver/Src/stm32f1xx_hal_cortex.o
 .comment       0x00000043       0x44 ./Drivers/STM32F1xx_HAL_Driver/Src/stm32f1xx_hal_gpio.o
 .comment       0x00000043       0x44 ./Drivers/STM32F1xx_HAL_Driver/Src/stm32f1xx_hal_rcc.o
 .comment       0x00000043       0x44 ./Middlewares/Third_Party/FreeRTOS/Source/CMSIS_RTOS/cmsis_os.o
 .comment       0x00000043       0x44 ./Middlewares/Third_Party/FreeRTOS/Source/list.o
 .comment       0x00000043       0x44 ./Middlewares/Third_Party/FreeRTOS/Source/queue.o
 .comment       0x00000043       0x44 ./Middlewares/Third_Party/FreeRTOS/Source/tasks.o
 .comment       0x00000043       0x44 ./Middlewares/Third_Party/FreeRTOS/Source/portable/GCC/ARM_CM3/port.o
 .comment       0x00000043       0x44 ./Middlewares/Third_Party/FreeRTOS/Source/portable/MemMang/heap_4.o

.debug_frame    0x00000000     0x257c
 .debug_frame   0x00000000       0x38 ./Core/Src/freertos.o
 .debug_frame   0x00000038      0x130 ./Core/Src/main.o
 .debug_frame   0x00000168       0x34 ./Core/Src/stm32f1xx_hal_msp.o
 .debug_frame   0x0000019c       0xc4 ./Core/Src/stm32f1xx_it.o
 .debug_frame   0x00000260       0x58 ./Core/Src/system_stm32f1xx.o
 .debug_frame   0x000002b8      0x334 ./Drivers/STM32F1xx_HAL_Driver/Src/stm32f1xx_hal.o
 .debug_frame   0x000005ec      0x428 ./Drivers/STM32F1xx_HAL_Driver/Src/stm32f1xx_hal_cortex.o
 .debug_frame   0x00000a14      0x14c ./Drivers/STM32F1xx_HAL_Driver/Src/stm32f1xx_hal_gpio.o
 .debug_frame   0x00000b60      0x218 ./Drivers/STM32F1xx_HAL_Driver/Src/stm32f1xx_hal_rcc.o
 .debug_frame   0x00000d78      0x80c ./Middlewares/Third_Party/FreeRTOS/Source/CMSIS_RTOS/cmsis_os.o
 .debug_frame   0x00001584       0xd8 ./Middlewares/Third_Party/FreeRTOS/Source/list.o
 .debug_frame   0x0000165c      0x46c ./Middlewares/Third_Party/FreeRTOS/Source/queue.o
 .debug_frame   0x00001ac8      0x77c ./Middlewares/Third_Party/FreeRTOS/Source/tasks.o
 .debug_frame   0x00002244      0x198 ./Middlewares/Third_Party/FreeRTOS/Source/portable/GCC/ARM_CM3/port.o
 .debug_frame   0x000023dc      0x12c ./Middlewares/Third_Party/FreeRTOS/Source/portable/MemMang/heap_4.o
 .debug_frame   0x00002508       0x20 C:/ST/STM32CubeIDE_1.15.1/STM32CubeIDE/plugins/com.st.stm32cube.ide.mcu.externaltools.gnu-tools-for-stm32.12.3.rel1.win32_1.0.200.202406191623/tools/bin/../lib/gcc/arm-none-eabi/12.3.1/../../../../arm-none-eabi/lib/thumb/v7-m/nofp\libc_nano.a(libc_a-memset.o)
 .debug_frame   0x00002528       0x2c C:/ST/STM32CubeIDE_1.15.1/STM32CubeIDE/plugins/com.st.stm32cube.ide.mcu.externaltools.gnu-tools-for-stm32.12.3.rel1.win32_1.0.200.202406191623/tools/bin/../lib/gcc/arm-none-eabi/12.3.1/../../../../arm-none-eabi/lib/thumb/v7-m/nofp\libc_nano.a(libc_a-init.o)
 .debug_frame   0x00002554       0x28 C:/ST/STM32CubeIDE_1.15.1/STM32CubeIDE/plugins/com.st.stm32cube.ide.mcu.externaltools.gnu-tools-for-stm32.12.3.rel1.win32_1.0.200.202406191623/tools/bin/../lib/gcc/arm-none-eabi/12.3.1/../../../../arm-none-eabi/lib/thumb/v7-m/nofp\libc_nano.a(libc_a-memcpy-stub.o)

.debug_line_str
                0x00000000       0xa2
 .debug_line_str
                0x00000000       0xa2 ./Core/Startup/startup_stm32f103c8tx.o
